// Jest Snapshot v1, https://goo.gl/fbAQLP

exports[`<Books /> renders correctly 1`] = `
<RCTScrollView
  contentContainerStyle={
    {
      "alignItems": "center",
      "backgroundColor": "#BFAA8C",
      "flexGrow": 1,
      "padding": 25,
      "paddingTop": 54,
    }
  }
  showsVerticalScrollIndicator={false}
  style={
    {
      "flex": 1,
    }
  }
  testID="scroll"
>
  <View>
    <Text
      style={
        {
          "alignContent": "center",
          "color": "red",
          "fontSize": 40,
          "fontWeight": "bold",
          "marginBottom": 20,
          "marginTop": 20,
        }
      }
    >
      Important Books
    </Text>
    <View>
      <View
        accessibilityState={
          {
            "busy": undefined,
            "checked": undefined,
            "disabled": undefined,
            "expanded": undefined,
            "selected": undefined,
          }
        }
        accessibilityValue={
          {
            "max": undefined,
            "min": undefined,
            "now": undefined,
            "text": undefined,
          }
        }
        accessible={true}
        collapsable={false}
        focusable={true}
        onClick={[Function]}
        onResponderGrant={[Function]}
        onResponderMove={[Function]}
        onResponderRelease={[Function]}
        onResponderTerminate={[Function]}
        onResponderTerminationRequest={[Function]}
        onStartShouldSetResponder={[Function]}
        style={
          {
            "opacity": 1,
          }
        }
        testID="book1"
      >
        <Image
          source={
            {
              "uri": "https://i0.wp.com/physicaldiagnosispdx.com/wp-content/uploads/749044f2-0ebd-4044-ae3f-062951ad7b74_1.b01575a88f35295db30bdad8533b6180.jpeg?resize=768%2C997&ssl=1",
            }
          }
          style={
            {
              "alignSelf": "center",
              "height": 300,
              "marginBottom": 10,
              "width": 228,
            }
          }
        />
      </View>
      <View
        accessibilityState={
          {
            "busy": undefined,
            "checked": undefined,
            "disabled": undefined,
            "expanded": undefined,
            "selected": undefined,
          }
        }
        accessibilityValue={
          {
            "max": undefined,
            "min": undefined,
            "now": undefined,
            "text": undefined,
          }
        }
        accessible={true}
        collapsable={false}
        focusable={true}
        onClick={[Function]}
        onResponderGrant={[Function]}
        onResponderMove={[Function]}
        onResponderRelease={[Function]}
        onResponderTerminate={[Function]}
        onResponderTerminationRequest={[Function]}
        onStartShouldSetResponder={[Function]}
        style={
          {
            "opacity": 1,
          }
        }
      >
        <Image
          source={
            {
              "uri": "https://i0.wp.com/physicaldiagnosispdx.com/wp-content/uploads/BEFDEF61-663C-4FB6-9B99-BE4A00014A84-scaled.jpeg?resize=768%2C1011&ssl=1",
            }
          }
          style={
            {
              "alignSelf": "center",
              "height": 300,
              "marginBottom": 10,
              "width": 228,
            }
          }
        />
      </View>
      <View
        accessibilityState={
          {
            "busy": undefined,
            "checked": undefined,
            "disabled": undefined,
            "expanded": undefined,
            "selected": undefined,
          }
        }
        accessibilityValue={
          {
            "max": undefined,
            "min": undefined,
            "now": undefined,
            "text": undefined,
          }
        }
        accessible={true}
        collapsable={false}
        focusable={true}
        onClick={[Function]}
        onResponderGrant={[Function]}
        onResponderMove={[Function]}
        onResponderRelease={[Function]}
        onResponderTerminate={[Function]}
        onResponderTerminationRequest={[Function]}
        onStartShouldSetResponder={[Function]}
        style={
          {
            "opacity": 1,
          }
        }
      >
        <Image
          source={
            {
              "uri": "https://i0.wp.com/physicaldiagnosispdx.com/wp-content/uploads/1-d9791b0d80-1.jpg?resize=667%2C1024&ssl=1",
            }
          }
          style={
            {
              "alignSelf": "center",
              "height": 300,
              "marginBottom": 10,
              "width": 228,
            }
          }
        />
      </View>
      <View
        accessibilityState={
          {
            "busy": undefined,
            "checked": undefined,
            "disabled": undefined,
            "expanded": undefined,
            "selected": undefined,
          }
        }
        accessibilityValue={
          {
            "max": undefined,
            "min": undefined,
            "now": undefined,
            "text": undefined,
          }
        }
        accessible={true}
        collapsable={false}
        focusable={true}
        onClick={[Function]}
        onResponderGrant={[Function]}
        onResponderMove={[Function]}
        onResponderRelease={[Function]}
        onResponderTerminate={[Function]}
        onResponderTerminationRequest={[Function]}
        onStartShouldSetResponder={[Function]}
        style={
          {
            "opacity": 1,
          }
        }
      >
        <Image
          source={
            {
              "uri": "https://i0.wp.com/physicaldiagnosispdx.com/wp-content/uploads/E025D4F9-A12F-4D68-A2CF-D3359E0C1E35.jpeg?w=365&ssl=1",
            }
          }
          style={
            {
              "alignSelf": "center",
              "height": 300,
              "marginBottom": 10,
              "width": 228,
            }
          }
        />
      </View>
      <View
        accessibilityState={
          {
            "busy": undefined,
            "checked": undefined,
            "disabled": undefined,
            "expanded": undefined,
            "selected": undefined,
          }
        }
        accessibilityValue={
          {
            "max": undefined,
            "min": undefined,
            "now": undefined,
            "text": undefined,
          }
        }
        accessible={true}
        collapsable={false}
        focusable={true}
        onClick={[Function]}
        onResponderGrant={[Function]}
        onResponderMove={[Function]}
        onResponderRelease={[Function]}
        onResponderTerminate={[Function]}
        onResponderTerminationRequest={[Function]}
        onStartShouldSetResponder={[Function]}
        style={
          {
            "opacity": 1,
          }
        }
      >
        <Image
          source={
            {
              "uri": "https://i0.wp.com/physicaldiagnosispdx.com/wp-content/uploads/AF0792E4-B5AE-4842-9D11-C9AC39CCB33E_4_5005_c.jpeg?w=308&ssl=1",
            }
          }
          style={
            {
              "alignSelf": "center",
              "height": 300,
              "marginBottom": 10,
              "width": 228,
            }
          }
        />
      </View>
      <View
        accessibilityState={
          {
            "busy": undefined,
            "checked": undefined,
            "disabled": undefined,
            "expanded": undefined,
            "selected": undefined,
          }
        }
        accessibilityValue={
          {
            "max": undefined,
            "min": undefined,
            "now": undefined,
            "text": undefined,
          }
        }
        accessible={true}
        collapsable={false}
        focusable={true}
        onClick={[Function]}
        onResponderGrant={[Function]}
        onResponderMove={[Function]}
        onResponderRelease={[Function]}
        onResponderTerminate={[Function]}
        onResponderTerminationRequest={[Function]}
        onStartShouldSetResponder={[Function]}
        style={
          {
            "opacity": 1,
          }
        }
      >
        <Image
          source={
            {
              "uri": "https://i0.wp.com/physicaldiagnosispdx.com/wp-content/uploads/C73E2FEE-4D27-4FE9-9416-1E2309D06C72_4_5005_c.jpeg?w=329&ssl=1",
            }
          }
          style={
            {
              "alignSelf": "center",
              "height": 300,
              "marginBottom": 10,
              "width": 228,
            }
          }
        />
      </View>
    </View>
  </View>
</RCTScrollView>
`;
