// Jest Snapshot v1, https://goo.gl/fbAQLP

exports[`<Login /> renders correctly 1`] = `
<View
  onLayout={[Function]}
  style={
    Object {
      "flex": 1,
    }
  }
>
  <RCTScrollView>
    <View>
      <View
        accessible={true}
        className="sc-bdvvtL zxezy"
        focusable={true}
        onClick={[Function]}
        onResponderGrant={[Function]}
        onResponderMove={[Function]}
        onResponderRelease={[Function]}
        onResponderTerminate={[Function]}
        onResponderTerminationRequest={[Function]}
        onStartShouldSetResponder={[Function]}
      >
        <View
          className="sc-gsDKAQ rZFaE"
        >
          <Image
            className="sc-dkPtRN fQWDve"
            resizeMode="contain"
            source={1}
          />
          <Text
            className="sc-hKwDye fAcRlN"
          >
            Account Login
          </Text>
          <View
            className="sc-eCImPb kMRaWM"
          >
            <View>
              <View
                className="sc-iCfMLu eAWtPN"
              >
                <Text />
              </View>
              <Text
                className="sc-gKclnd dsijCe"
              >
                Username
              </Text>
              <TextInput
                allowFontScaling={true}
                className="sc-jRQBWg fNWPqr"
                onBlur={[Function]}
                onChangeText={[Function]}
                placeholder="username"
                placeholderTextColor="#ff000067"
                rejectResponderTermination={true}
                underlineColorAndroid="transparent"
                value=""
              />
            </View>
            <View>
              <View
                className="sc-iCfMLu eAWtPN"
              >
                <Text />
              </View>
              <Text
                className="sc-gKclnd dsijCe"
              >
                Password
              </Text>
              <TextInput
                allowFontScaling={true}
                className="sc-jRQBWg fNWPqr"
                onBlur={[Function]}
                onChangeText={[Function]}
                placeholder="********"
                placeholderTextColor="#ff000067"
                rejectResponderTermination={true}
                secureTextEntry={true}
                underlineColorAndroid="transparent"
                value=""
              />
              <View
                accessible={true}
                focusable={true}
                onClick={[Function]}
                onResponderGrant={[Function]}
                onResponderMove={[Function]}
                onResponderRelease={[Function]}
                onResponderTerminate={[Function]}
                onResponderTerminationRequest={[Function]}
                onStartShouldSetResponder={[Function]}
                style={
                  Object {
                    "opacity": 1,
                  }
                }
              >
                <Text />
              </View>
            </View>
            <Text>
              

            </Text>
            <View
              accessible={true}
              focusable={true}
              onClick={[Function]}
              onResponderGrant={[Function]}
              onResponderMove={[Function]}
              onResponderRelease={[Function]}
              onResponderTerminate={[Function]}
              onResponderTerminationRequest={[Function]}
              onStartShouldSetResponder={[Function]}
              style={
                Object {
                  "opacity": 1,
                }
              }
            >
              <Text
                className="sc-jrQzAO dafyie"
              >
                Login
              </Text>
            </View>
            <View
              className="sc-kDTinF glXNyz"
            />
            <View
              accessible={true}
              focusable={true}
              onClick={[Function]}
              onResponderGrant={[Function]}
              onResponderMove={[Function]}
              onResponderRelease={[Function]}
              onResponderTerminate={[Function]}
              onResponderTerminationRequest={[Function]}
              onStartShouldSetResponder={[Function]}
              style={
                Object {
                  "opacity": 1,
                }
              }
            >
              <Text />
              <Text
                className="sc-jrQzAO gGIeVH"
                wordpress={true}
              >
                Sign in with Wordpress
              </Text>
            </View>
            <View
              className="sc-iqseJM DBbKg"
            >
              <Text
                className="sc-crHmcD bLjgwf"
              >
                Don't have an account? 
              </Text>
              <View
                accessible={true}
                focusable={true}
                onClick={[Function]}
                onResponderGrant={[Function]}
                onResponderMove={[Function]}
                onResponderRelease={[Function]}
                onResponderTerminate={[Function]}
                onResponderTerminationRequest={[Function]}
                onStartShouldSetResponder={[Function]}
                style={
                  Object {
                    "opacity": 1,
                  }
                }
              >
                <Text
                  className="sc-bqiRlB kAwtfN"
                >
                  Signup
                </Text>
              </View>
            </View>
          </View>
        </View>
      </View>
    </View>
  </RCTScrollView>
</View>
`;
