// Jest Snapshot v1, https://goo.gl/fbAQLP

exports[`<MainMenu /> renders correctly 1`] = `
<View
  style={
    {
      "alignItems": "center",
      "backgroundColor": "#BFAA8C",
      "flex": 1,
      "height": 1334,
      "justifyContent": "center",
      "width": 750,
    }
  }
>
  <Image
    blurRadius={1}
    source={1}
    style={
      {
        "aspectRatio": 1,
        "height": "45%",
        "position": "absolute",
        "resizeMode": "stretch",
        "top": -60,
        "width": "100%",
      }
    }
  />
  <Text
    style={
      {
        "color": "white",
        "fontSize": 40,
        "fontWeight": "bold",
        "position": "absolute",
        "textAlign": "center",
        "textShadowColor": "#585858",
        "textShadowOffset": {
          "height": 5,
          "width": 5,
        },
        "textShadowRadius": 10,
        "top": "5%",
      }
    }
  >
    Good afternoon
    , 
    
undefined
  </Text>
  <View
    style={
      {
        "borderBottomColor": "grey",
        "borderBottomWidth": 6,
        "borderRadius": 12,
        "left": "5%",
        "position": "absolute",
        "top": 433.55,
        "width": 100,
      }
    }
  />
  <Text
    className="sc-egiyK eqlRhB"
    style={
      {
        "color": "white",
        "fontSize": 55,
        "fontWeight": "bold",
        "position": "absolute",
        "textAlign": "center",
        "textShadowColor": "#585858",
        "textShadowOffset": {
          "height": 5,
          "width": 5,
        },
        "textShadowRadius": 10,
        "top": "22%",
      }
    }
  >
    PDX
  </Text>
  <View
    style={
      {
        "borderBottomColor": "grey",
        "borderBottomWidth": 6,
        "borderRadius": 12,
        "position": "absolute",
        "right": "5%",
        "top": 433.55,
        "width": 100,
      }
    }
  />
  <View
    style={
      {
        "alignItems": "center",
        "backgroundColor": "white",
        "borderColor": "red",
        "borderRadius": 30,
        "height": "50%",
        "justifyContent": "center",
        "marginBottom": "10%",
        "marginTop": "55%",
        "padding": 5,
        "position": "absolute",
        "top": "5%",
        "width": "90%",
      }
    }
  >
    <View
      accessibilityState={
        {
          "busy": undefined,
          "checked": undefined,
          "disabled": undefined,
          "expanded": undefined,
          "selected": undefined,
        }
      }
      accessibilityValue={
        {
          "max": undefined,
          "min": undefined,
          "now": undefined,
          "text": undefined,
        }
      }
      accessible={true}
      collapsable={false}
      focusable={true}
      onClick={[Function]}
      onResponderGrant={[Function]}
      onResponderMove={[Function]}
      onResponderRelease={[Function]}
      onResponderTerminate={[Function]}
      onResponderTerminationRequest={[Function]}
      onStartShouldSetResponder={[Function]}
      style={
        {
          "alignItems": "center",
          "backgroundColor": "red",
          "borderRadius": 30,
          "marginTop": 15.880952380952381,
          "opacity": 1,
          "paddingVertical": 8,
          "width": "75%",
        }
      }
      testID="buttonOne"
    >
      <Text
        style={
          {
            "color": "white",
            "fontSize": 25,
            "fontWeight": "bold",
          }
        }
      >
        Topics
      </Text>
    </View>
    <View
      accessibilityState={
        {
          "busy": undefined,
          "checked": undefined,
          "disabled": undefined,
          "expanded": undefined,
          "selected": undefined,
        }
      }
      accessibilityValue={
        {
          "max": undefined,
          "min": undefined,
          "now": undefined,
          "text": undefined,
        }
      }
      accessible={true}
      collapsable={false}
      focusable={true}
      onClick={[Function]}
      onResponderGrant={[Function]}
      onResponderMove={[Function]}
      onResponderRelease={[Function]}
      onResponderTerminate={[Function]}
      onResponderTerminationRequest={[Function]}
      onStartShouldSetResponder={[Function]}
      style={
        {
          "alignItems": "center",
          "backgroundColor": "red",
          "borderRadius": 30,
          "marginTop": 15.880952380952381,
          "opacity": 1,
          "paddingVertical": 8,
          "width": "75%",
        }
      }
      testID="buttonTwo"
    >
      <Text
        style={
          {
            "color": "white",
            "fontSize": 25,
            "fontWeight": "bold",
          }
        }
      >
        Lectures
      </Text>
    </View>
    <View
      accessibilityState={
        {
          "busy": undefined,
          "checked": undefined,
          "disabled": undefined,
          "expanded": undefined,
          "selected": undefined,
        }
      }
      accessibilityValue={
        {
          "max": undefined,
          "min": undefined,
          "now": undefined,
          "text": undefined,
        }
      }
      accessible={true}
      collapsable={false}
      focusable={true}
      onClick={[Function]}
      onResponderGrant={[Function]}
      onResponderMove={[Function]}
      onResponderRelease={[Function]}
      onResponderTerminate={[Function]}
      onResponderTerminationRequest={[Function]}
      onStartShouldSetResponder={[Function]}
      style={
        {
          "alignItems": "center",
          "backgroundColor": "red",
          "borderRadius": 30,
          "marginTop": 15.880952380952381,
          "opacity": 1,
          "paddingVertical": 8,
          "width": "75%",
        }
      }
      testID="buttonThree"
    >
      <Text
        style={
          {
            "color": "white",
            "fontSize": 25,
            "fontWeight": "bold",
          }
        }
      >
        Books
      </Text>
    </View>
    <View
      accessibilityState={
        {
          "busy": undefined,
          "checked": undefined,
          "disabled": undefined,
          "expanded": undefined,
          "selected": undefined,
        }
      }
      accessibilityValue={
        {
          "max": undefined,
          "min": undefined,
          "now": undefined,
          "text": undefined,
        }
      }
      accessible={true}
      collapsable={false}
      focusable={true}
      onClick={[Function]}
      onResponderGrant={[Function]}
      onResponderMove={[Function]}
      onResponderRelease={[Function]}
      onResponderTerminate={[Function]}
      onResponderTerminationRequest={[Function]}
      onStartShouldSetResponder={[Function]}
      style={
        {
          "alignItems": "center",
          "backgroundColor": "red",
          "borderRadius": 30,
          "marginTop": 15.880952380952381,
          "opacity": 1,
          "paddingVertical": 8,
          "width": "75%",
        }
      }
      testID="buttonFour"
    >
      <Text
        style={
          {
            "color": "white",
            "fontSize": 25,
            "fontWeight": "bold",
          }
        }
      >
        Our Team
      </Text>
    </View>
    <View
      accessibilityState={
        {
          "busy": undefined,
          "checked": undefined,
          "disabled": undefined,
          "expanded": undefined,
          "selected": undefined,
        }
      }
      accessibilityValue={
        {
          "max": undefined,
          "min": undefined,
          "now": undefined,
          "text": undefined,
        }
      }
      accessible={true}
      collapsable={false}
      focusable={true}
      onClick={[Function]}
      onResponderGrant={[Function]}
      onResponderMove={[Function]}
      onResponderRelease={[Function]}
      onResponderTerminate={[Function]}
      onResponderTerminationRequest={[Function]}
      onStartShouldSetResponder={[Function]}
      style={
        {
          "alignItems": "center",
          "backgroundColor": "red",
          "borderRadius": 30,
          "marginTop": 15.880952380952381,
          "opacity": 1,
          "paddingVertical": 8,
          "width": "75%",
        }
      }
      testID="buttonFive"
    >
      <Text
        style={
          {
            "color": "white",
            "fontSize": 25,
            "fontWeight": "bold",
          }
        }
      >
        About Us
      </Text>
    </View>
  </View>
</View>
`;
